
> space-autobattler@0.1.0 test
> vitest --environment happy-dom --no-color


 RUN  v4.0.17 D:/GitHub/SpaceAutoBattler

 ❯ test/vitest/particle-trails-gpu.spec.tsx (3 tests | 2 failed) 22ms
     ✓ creates instanced attributes sized to configuration 4ms
     × writes spawn data into GPU buffers when ships thrust 14ms
     × updates shader time uniform every frame 3ms
 ❯ test/vitest/particle-trails-determinism.spec.tsx (5 tests | 5 failed) 27ms
     × produces identical particle data across multiple runs with same seed 16ms
     × produces consistent results across multiple frames 3ms
     × produces different results for different ships at different positions 3ms
     × uses seeded RNG for all random values 1ms
     × maintains determinism with multiple ships 3ms
 ✓ test/vitest/turret-registry.spec.ts (3 tests) 51ms
 ✓ test/vitest/star-disk.component.spec.tsx (2 tests) 175ms
 ❯ test/vitest/star-disk-debug-lockdown.spec.tsx (8 tests | 4 failed) 299ms
     ✓ scrubs debug helpers and overlays without the debug flag 248ms
     ✓ registers helpers only when the debug flag is present and clears them on unmount 19ms
     ✓ does not remove helpers during debug operation 3ms
     ✓ keeps the shader material attached when the debug flag is present 3ms
     × advances shader time monotonically with the debug flag 13ms
     × falls back to frame delta when the simulation time stalls 3ms
     × realigns with simulation time once the clock advances 4ms
     × uses the render clock when available 5ms
 ✓ test/vitest/systems/projectiles/projectiles.spec.ts (3 tests) 35ms
 ✓ test/vitest/rapier-reset-stability.spec.ts (6 tests) 101ms
 ✓ test/vitest/ai-tick-rate.spec.ts (2 tests) 115ms
 ✓ test/vitest/ai-determinism.spec.ts (1 test) 180ms
 ❯ test/vitest/ai-scenario-harness.spec.ts (5 tests | 3 failed) 43ms
     × emits deterministic command logs for escort scenario 29ms
     × emits deterministic command logs for bomber intercept scenario 6ms
     × emits deterministic command logs for artillery retreat scenario 4ms
     ✓ exports runAIScenario and collectTestMetrics as callables 0ms
     ✓ runAIScenario returns an AIScenarioLog-shaped object and metrics can be collected 1ms
 ✓ test/vitest/spawn-geometry.spec.ts (5 tests) 214ms
 ✓ test/vitest/ui-settings-panels.spec.tsx (2 tests) 76ms
 ✓ test/components/ProgressionPanel.spec.tsx (2 tests) 39ms
 ✓ test/vitest/smoke/import_all.spec.ts (21 tests) 1074ms
     ✓ imports ../../../src/game/systems.ts  454ms
 ✓ test/vitest/ui-debug-panels.spec.tsx (3 tests) 127ms
 ✓ test/vitest/ai-metrics.spec.ts (6 tests) 790ms
     ✓ validates acceptance criteria for 8v8 scenario  327ms
 ✓ test/vitest/bloom-provider-bloomOnly.spec.ts (2 tests) 44ms
 ✓ test/vitest/renderer/bloom/BloomProvider.integration.spec.ts (8 tests) 74ms
 ✓ test/components/Controls.spec.tsx (3 tests) 47ms
 ✓ test/vitest/perf-monitor.spec.tsx (1 test) 53ms
 ✓ test/vitest/progressive-texture.spec.ts (6 tests) 40ms
 ✓ test/components/Hud.spec.tsx (1 test) 33ms
 ✓ test/vitest/bloom-selective.spec.ts (2 tests) 51ms
 ✓ test/vitest/bloom-provider-api.spec.ts (2 tests) 49ms
 ✓ test/vitest/hooks-useArchetypeEntities.spec.tsx (9 tests) 39ms
 ✓ test/vitest/progression-panel.spec.tsx (6 tests) 77ms
 ✓ test/vitest/bloom-provider-layer-allocation.spec.tsx (2 tests) 21ms
 ✓ test/vitest/utils-patchGltfLoader.spec.ts (9 tests) 14ms
 ✓ test/vitest/ai-scenario-harness-guard.spec.ts (1 test) 24ms
 ✓ test/vitest/rapier-diagnostics.spec.ts (4 tests) 14ms
 ✓ test/vitest/projectile-resolve.spec.ts (3 tests) 16ms
 ✓ test/vitest/ai-regression.spec.ts (2 tests) 7ms
 ✓ test/vitest/shield-regen.spec.ts (2 tests) 12ms
 ✓ test/components/explosions/effectUpdaters/debrisUpdater.spec.ts (6 tests) 19ms
 ✓ test/vitest/renderer/bloom/layerMaskManager.spec.ts (22 tests) 19ms
 ✓ test/vitest/progression-system.spec.ts (20 tests) 23ms
 ✓ test/components/postprocessing/Postprocessing.spec.tsx (2 tests) 86ms
 ✓ test/vitest/no-prestep-physics-creation.spec.ts (1 test) 23ms
 ✓ test/utils/cappedBuffer.spec.ts (7 tests) 4ms
 ✓ test/components/explosions/effectUpdaters/smokeUpdater.spec.ts (6 tests) 16ms
 ✓ test/components/postprocessing/bug-undefined-camera-layers.spec.tsx (1 test) 30ms
 ✓ test/components/explosions/effectUpdaters/fireballUpdater.spec.ts (6 tests) 14ms
 ✓ test/vitest/projectile-extended.spec.ts (8 tests) 12ms
 ✓ test/components/explosions/effectUpdaters/plasmaUpdater.spec.ts (6 tests) 22ms
 ✓ test/components/explosions/effectUpdaters/flashUpdater.spec.ts (6 tests) 21ms
stdout | test/vitest/ai-engagement-boost.spec.ts > Engagement Boost Acceptance Criteria > demonstrates opening salvo boost increases aggression-based intent scores
Early Attack: 987.1
Late Attack: 801

stdout | test/vitest/ai-engagement-boost.spec.ts > Engagement Boost Acceptance Criteria > measures actual attack percentage increase in borderline scenarios
Borderline scenario - Early attack rate: 100%, Late: 100%, Improvement: 0%

 ✓ test/vitest/ai-engagement-boost.spec.ts (4 tests) 19ms
 ✓ test/components/explosions/effectUpdaters/sparksUpdater.spec.ts (5 tests) 26ms
 ✓ test/vitest/turret-point-defense.spec.ts (2 tests) 15ms
 ✓ test/vitest/planet-texture-fallback.spec.ts (5 tests) 4ms
 ✓ test/components/explosions/instancedManager.spec.ts (5 tests) 8ms
 ✓ test/vitest/turrets.spec.ts (1 test) 11ms
 ✓ test/components/explosions/effectUpdaters/shockwaveUpdater.spec.ts (6 tests) 20ms
 ✓ test/vitest/bloom-provider-shield-integration.spec.tsx (1 test) 14ms
 ✓ test/vitest/ai-interrupts.spec.ts (2 tests) 7ms
 ✓ test/vitest/motion.system.spec.ts (9 tests) 11ms
 ✓ test/vitest/renderer/bloom/materialManager.spec.ts (27 tests) 14ms
 ✓ test/vitest/update-game-profiling.spec.ts (4 tests) 67ms
 ✓ test/vitest/ship-interpolation.spec.ts (9 tests) 13ms
 ✓ test/vitest/explosions-event.spec.ts (8 tests) 10ms
 ✓ test/vitest/projectile-bullettype.spec.ts (2 tests) 13ms
 ✓ test/vitest/safe-kinematics.spec.ts (10 tests) 16ms
 ✓ test/components/lod/ShipLODManager.spec.ts (5 tests) 9ms
 ✓ test/components/explosions/derived.spec.ts (13 tests) 10ms
 ✓ test/vitest/errorReporting.spec.ts (22 tests) 10ms
 ✓ test/vitest/materialFactory.spec.ts (11 tests) 5ms
 ✓ test/vitest/steering-utils.spec.ts (7 tests) 9ms
 ✓ test/vitest/turrets-performance.spec.ts (2 tests) 5ms
 ✓ test/vitest/ai-executor.spec.ts (12 tests) 12ms
 ✓ test/vitest/ai-scorer.spec.ts (11 tests) 14ms
 ✓ test/vitest/ai-vertical.spec.ts (2 tests) 5ms
 ✓ test/vitest/hud-overlay-animation.spec.ts (3 tests) 3ms
stdout | test/vitest/ai-diagnostic.spec.ts > diagnostic: escort + bomber + artillery scenarios candidate breakdown

--- DIAGNOSTIC SCENARIO escort seed [33m777[39m ---
Ship 1 (carrier) primary:4 escort:none -> attack:1508.5 intercept:917.6 escort:0 kite:498.6 reposition:504 regroup:180 flee:123.8
  selected -> Attack 1508.5

Ship 2 (fighter) primary:4 escort:1 -> attack:422.5 intercept:1355.4 escort:1060.6 kite:820.9 reposition:796.9 regroup:180 flee:130.5
  selected -> Intercept 1355.4

Ship 3 (destroyer) primary:4 escort:none -> attack:949.9 intercept:1171.8 escort:0 kite:783.2 reposition:844.2 regroup:739.2 flee:493.8
  selected -> Intercept 1171.8

Ship 4 (corvette) primary:1 escort:none -> attack:742.2 intercept:914.1 escort:0 kite:577.5 reposition:540.2 regroup:180 flee:138.7
  selected -> Intercept 914.1

Ship 5 (frigate) primary:1 escort:none -> attack:512.5 intercept:1018.7 escort:0 kite:732.5 reposition:934.5 regroup:180 flee:121
  selected -> Intercept 1018.7


--- DIAGNOSTIC SCENARIO bomber seed [33m2029[39m ---
Ship 1 (carrier) primary:4 escort:none -> attack:1097 intercept:965.2 escort:0 kite:666.2 reposition:650 regroup:180 flee:123.9
  selected -> Attack 1097

Ship 2 (fighter) primary:4 escort:1 -> attack:-379.1 intercept:1723.1 escort:1074.8 kite:994.6 reposition:1250.8 regroup:180 flee:129.5
  selected -> Intercept 1723.1

Ship 3 (fighter) primary:4 escort:1 -> attack:-447.6 intercept:1738.2 escort:1037.1 kite:989.2 reposition:1286.2 regroup:180 flee:128.7
  selected -> Intercept 1738.2

Ship 4 (destroyer) primary:1 escort:none -> attack:1117.9 intercept:975 escort:0 kite:672.5 reposition:654.2 regroup:180 flee:121.8
  selected -> Attack 1117.9

Ship 5 (corvette) primary:1 escort:none -> attack:-116.3 intercept:1531.1 escort:0 kite:883.9 reposition:1098 regroup:180 flee:139
  selected -> Intercept 1531.1


--- DIAGNOSTIC SCENARIO artillery seed [33m4041[39m ---
Ship 1 (destroyer) primary:3 escort:none -> attack:880.9 intercept:876.9 escort:0 kite:287.7 reposition:628.1 regroup:843.3 flee:718.8
  selected -> Attack 880.9

Ship 2 (fighter) primary:3 escort:1 -> attack:107.1 intercept:1498.3 escort:716.6 kite:927.3 reposition:972.9 regroup:180 flee:128.8
  selected -> Intercept 1498.3

Ship 3 (corvette) primary:1 escort:none -> attack:1383.2 intercept:794.9 escort:0 kite:468.3 reposition:341.4 regroup:180 flee:137.2
  selected -> Attack 1383.2

Ship 4 (frigate) primary:1 escort:none -> attack:730.3 intercept:903.3 escort:0 kite:570.5 reposition:541.9 regroup:180 flee:137.8
  selected -> Intercept 903.3


 ✓ test/vitest/ai-diagnostic.spec.ts (1 test) 15ms
 ✓ test/components/ship/rippleUtils.spec.ts (21 tests) 11ms
 ✓ test/vitest/validation.spec.ts (22 tests) 6ms
 ✓ test/vitest/carrier-launch.spec.ts (5 tests) 9ms
 ✓ test/vitest/mutation-helpers.spec.ts (4 tests) 8ms
 ✓ test/vitest/star-disk-telemetry.spec.ts (5 tests) 12ms
 ✓ test/vitest/star-disk-haze-taper.spec.ts (3 tests) 5ms
 ✓ test/vitest/renderer/bloom/selectionManager.spec.ts (21 tests) 12ms
 ✓ test/vitest/star-disk-material.spec.ts (6 tests) 8ms
 ✓ test/utils/projectileInfo.spec.ts (5 tests) 9ms
 ✓ test/vitest/turret-priority.spec.ts (2 tests) 10ms
 ✓ test/vitest/flak-proximity.spec.ts (3 tests) 7ms
 ✓ test/vitest/shield-bubble-visibility.spec.tsx (7 tests) 6ms
 ✓ test/vitest/utils-color.spec.ts (8 tests) 6ms
 ✓ test/vitest/update-game-panic.spec.ts (1 test) 7ms
 ✓ test/utils/math.spec.ts (10 tests) 4ms
 ✓ test/vitest/scheduler.spec.ts (20 tests) 7ms
 ✓ test/vitest/rng.spec.ts (5 tests) 7ms
 ✓ test/vitest/physics-factory.spec.ts (4 tests) 4ms
 ✓ test/vitest/ai-sensors.spec.ts (3 tests) 5ms
 ✓ test/components/debris/DebrisInstancedManager.spec.ts (2 tests) 8ms
 ✓ test/vitest/renderer/bloom/layerAllocator.spec.ts (30 tests) 11ms
 ✓ test/vitest/simulation-queue.spec.ts (5 tests) 9ms
 ✓ test/components/ship/shieldUtils.spec.ts (21 tests) 6ms
 ✓ test/vitest/systems/shipControl/shipControl.spec.ts (3 tests) 6ms
 ✓ test/vitest/star-disk-utils.spec.ts (16 tests) 9ms
 ✓ test/vitest/ai-intercept.spec.ts (5 tests) 7ms
 ✓ test/components/layers/projectileGeometries.spec.ts (3 tests) 5ms
 ✓ test/vitest/profile-adjustment.spec.ts (11 tests) 19ms
 ✓ test/vitest/motion.math.spec.ts (9 tests) 4ms
 ✓ test/components/postprocessing/createComposer.spec.ts (2 tests) 11ms
 ✓ test/vitest/star-disk-boundary.spec.ts (5 tests) 20ms
 ✓ test/vitest/intent-utils.spec.ts (16 tests) 8ms
 ✓ test/vitest/ship-thrusters.spec.ts (8 tests) 5ms
 ✓ test/vitest/turret-system.spec.ts (2 tests) 4ms
 ✓ test/vitest/ai-doctrine.spec.ts (4 tests) 6ms
 ✓ test/components/layers/instancedLayerManager.spec.ts (4 tests) 4ms
 ✓ test/vitest/subsystem-integration.spec.ts (3 tests) 5ms
 ✓ test/vitest/systems/motion/angular-linear.spec.ts (3 tests) 11ms
 ✓ test/vitest/thruster-glow.spec.ts (4 tests) 4ms
 ✓ test/vitest/smoothing.spec.ts (4 tests) 6ms
 ✓ test/vitest/progression-panel-logic.spec.ts (3 tests) 4ms
 ✓ test/vitest/range-policy.spec.ts (4 tests) 5ms
 ✓ test/vitest/textureAtlas.spec.ts (3 tests) 3ms
 ✓ test/vitest/planet-deterministic-rotation.spec.ts (5 tests) 4ms
 ✓ test/vitest/vector-utils.spec.ts (7 tests) 4ms
 ✓ test/components/postprocessing/buildEffects.spec.ts (2 tests) 7ms
 ✓ test/vitest/systems/motion/motion-system-hotpath.spec.ts (2 tests) 4ms
 ✓ test/components/layers/instanceAllocator.spec.ts (4 tests) 6ms
 ✓ test/vitest/ai-smoothing.spec.ts (1 test) 9ms
 ✓ test/components/layers/muzzleFlashMath.spec.ts (4 tests) 3ms
 ✓ test/vitest/celestial-environment.spec.ts (4 tests) 3ms
 ✓ test/vitest/range-variance.test.ts (5 tests) 4ms
 ✓ test/vitest/ai-traits.spec.ts (3 tests) 3ms
 ✓ test/vitest/damage_legacy.spec.ts (5 tests) 8ms
 ✓ test/vitest/shield-bubble-missing.spec.ts (4 tests) 5ms
 ✓ test/vitest/star-disk-orientation.spec.ts (3 tests) 3ms
 ✓ test/vitest/hud-status-icons.spec.ts (3 tests) 4ms
 ✓ test/vitest/world-config.spec.ts (3 tests) 4ms
 ✓ test/vitest/simulation-deferred.spec.ts (1 test) 3ms
 ✓ test/vitest/targeting.spec.ts (2 tests) 3ms
 ✓ test/vitest/turret-destroy.spec.ts (1 test) 5ms
 ✓ test/vitest/renderer-config.spec.ts (1 test) 2ms
 ✓ test/vitest/ui-store-hud-toggle.spec.ts (2 tests) 6ms
 ✓ test/vitest/spatial-hash.spec.ts (2 tests) 3ms
 ✓ test/vitest/shield-bubble.spec.ts (2 tests) 5ms
 ✓ test/vitest/simulation-physics-ordering.spec.ts (2 tests) 3ms
 ✓ test/vitest/hud-overlay-layout.spec.ts (2 tests) 3ms
 ✓ test/vitest/dynamic-res-scaler.spec.ts (4 tests) 13ms
 ✓ test/vitest/vertical-utils.spec.ts (3 tests) 5ms
 ✓ test/vitest/projectile-material-forcewrite.spec.tsx (1 test) 7ms
 ✓ test/vitest/simulation-substeps.spec.ts (3 tests) 2ms
 ✓ test/vitest/damage_overflow_bug.spec.ts (1 test) 2ms
 ✓ test/vitest/ship-paths.spec.ts (3 tests) 3ms
 ✓ test/vitest/game/progression.spec.ts (2 tests) 2ms
 ✓ test/vitest/ui-store-defaults.spec.ts (2 tests) 2ms
 ✓ test/vitest/shield-material-forcewrite.spec.tsx (1 test) 2ms
 ✓ test/vitest/ship-object.spec.ts (1 test) 3ms

 Test Files  4 failed | 145 passed (149)
      Tests  14 failed | 822 passed (836)
   Start at  14:27:09
   Duration  10.93s (transform 11.19s, setup 1.50s, import 31.98s, tests 5.10s, environment 49.83s)

