
> space-autobattler@0.1.0 test
> vitest --environment happy-dom test/vitest/scout-alarm-system.spec.ts


[1m[46m RUN [49m[22m [36mv3.2.4 [39m[90mD:/GitHub/SpaceAutoBattler[39m

 [31mÔØ»[39m test/vitest/scout-alarm-system.spec.ts [2m([22m[2m4 tests[22m[2m | [22m[31m1 failed[39m[2m)[22m[33m 863[2mms[22m[39m
   [32mÔ£ô[39m Scout and Alarm System Tests[2m > [22mshould assign a scout ship for each team[32m 148[2mms[22m[39m
   [32mÔ£ô[39m Scout and Alarm System Tests[2m > [22mshould trigger alarm system when ships take damage[32m 129[2mms[22m[39m
[31m   [31m├ù[31m Scout and Alarm System Tests[2m > [22mshould maintain scout behavior even when far from enemies[39m[33m 583[2mms[22m[39m
[31m     ÔåÆ Scout ships should pursue even at long range: expected false to be true // Object.is equality[39m
   [32mÔ£ô[39m Scout and Alarm System Tests[2m > [22mshould have configurable scout and alarm settings[32m 0[2mms[22m[39m
node.exe : 
In C:\Program Files\nodejs\npm.ps1:29 Zeichen:3
+   & $NODE_EXE $NPM_CLI_JS $args
+   ~~~~~~~~~~~~~~~~~~~~~~~~~~~~~
    + CategoryInfo          : NotSpecified: (:String) [], RemoteException
    + FullyQualifiedErrorId : NativeCommandError
 
[31mÔÄ»ÔÄ»ÔÄ»ÔÄ»ÔÄ»ÔÄ»ÔÄ»[39m[1m[41m Failed Tests 1 [49m[22m[31mÔÄ»ÔÄ»ÔÄ»ÔÄ»ÔÄ»ÔÄ»ÔÄ»[39m

[41m[1m FAIL [22m[49m test/vitest/scout-alarm-system.spec.ts[2m > [22mScout and Alarm System Tests[2m > 
[22mshould maintain scout behavior even when far from enemies
[31m[1mAssertionError[22m: Scout ships should pursue even at long range: expected false to be true // Object.is 
equality[39m

[32m- Expected[39m
[31m+ Received[39m

[32m- true[39m
[31m+ false[39m

[36m [2mÔØ»[22m test/vitest/scout-alarm-system.spec.ts:[2m190:89[22m[39m
    [90m188| [39m    }
    [90m189| [39m    
    [90m190| [39m    expect(redPursuing || bluePursuing, 'Scout ships should pursue eveÔÇª
    [90m   | [39m                                                                                        [31m^[39m
    [90m191| [39m  })[33m;[39m
    [90m192| [39m

[31m[2mÔÄ»ÔÄ»ÔÄ»ÔÄ»ÔÄ»ÔÄ»ÔÄ»ÔÄ»ÔÄ»ÔÄ»ÔÄ»ÔÄ»ÔÄ»ÔÄ»ÔÄ»ÔÄ»ÔÄ»ÔÄ»ÔÄ»ÔÄ»ÔÄ»ÔÄ»ÔÄ»ÔÄ»[1/1]ÔÄ»[22m[39m


[2m Test Files [22m [1m[31m1 failed[39m[22m[90m (1)[39m
[2m      Tests [22m [1m[31m1 failed[39m[22m[2m | [22m[1m[32m3 passed[39m[22m[90m (4)[39m
[2m   Start at [22m 14:52:49
[2m   Duration [22m 2.17s[2m (transform 130ms, setup 44ms, collect 194ms, tests 863ms, environment 601ms, prepare 180ms)[22m

